// Jest Snapshot v1, https://goo.gl/fbAQLP

exports[`<Main /> should render the heading 1`] = `
<div
  class="styles__Wrapper-gFJSv fgrVKs"
>
  <img
    alt="Imagem de um átomo e React Avançado escrito ao lado."
    class="styles__Logo-bRSJPP cqczft"
    src="/img/logo.svg"
  />
  <h1
    class="styles__Title-cLnMKw jvQMkl"
  >
    React Avançado
  </h1>
  <h2
    class="styles__Description-emvDpe ixJVNE"
  >
    TypeScript, ReactJS, NextJS e Styled Components
  </h2>
  <img
    alt="Um desenvolvedor de frente para uma tela com código."
    class="styles__Illustration-fziOxg hRqxQo"
    src="/img/hero-illustration.svg"
  />
</div>
`
